server/content-generation-service.ts(36,19): error TS2451: Cannot redeclare block-scoped variable 'project'.
server/content-generation-service.ts(42,54): error TS2345: Argument of type 'string | undefined' is not assignable to parameter of type 'string'.
  Type 'undefined' is not assignable to type 'string'.
server/content-generation-service.ts(86,71): error TS2451: Cannot redeclare block-scoped variable 'project'.
server/content-generation-service.ts(202,25): error TS2345: Argument of type 'string | null' is not assignable to parameter of type 'string | undefined'.
  Type 'null' is not assignable to type 'string | undefined'.
server/context-selection-service.ts(90,73): error TS2345: Argument of type 'string | undefined' is not assignable to parameter of type 'string'.
  Type 'undefined' is not assignable to type 'string'.
server/context-selection-service.ts(114,74): error TS2345: Argument of type 'string | undefined' is not assignable to parameter of type 'string'.
  Type 'undefined' is not assignable to type 'string'.
server/cost-monitor-service.ts(248,38): error TS2554: Expected 1 arguments, but got 0.
server/cost-monitor-service.ts(284,36): error TS2554: Expected 1 arguments, but got 0.
server/enhanced-rag-service.ts(93,75): error TS2345: Argument of type 'string | undefined' is not assignable to parameter of type 'string'.
  Type 'undefined' is not assignable to type 'string'.
server/entity-state-service.ts(241,7): error TS2345: Argument of type 'string | undefined' is not assignable to parameter of type 'string'.
  Type 'undefined' is not assignable to type 'string'.
server/entity-state-service.ts(245,7): error TS2345: Argument of type 'string | undefined' is not assignable to parameter of type 'string'.
  Type 'undefined' is not assignable to type 'string'.
server/few-shot-examples-service.ts(734,64): error TS2345: Argument of type 'string | undefined' is not assignable to parameter of type 'string'.
  Type 'undefined' is not assignable to type 'string'.
server/few-shot-examples-service.ts(744,74): error TS2345: Argument of type 'string | undefined' is not assignable to parameter of type 'string'.
  Type 'undefined' is not assignable to type 'string'.
server/history-service.ts(5,42): error TS2724: '"@shared/schema"' has no exported member named 'CreationHistory'. Did you mean 'creationHistory'?
server/jobs/summarize-worker.ts(1,21): error TS2307: Cannot find module 'bullmq' or its corresponding type declarations.
server/jobs/summarize-worker.ts(30,25): error TS7006: Parameter 'job' implicitly has an 'any' type.
server/jobs/summarize-worker.ts(34,22): error TS7006: Parameter 'job' implicitly has an 'any' type.
server/jobs/summarize-worker.ts(34,27): error TS7006: Parameter 'err' implicitly has an 'any' type.
server/jobs/vectorize-worker.ts(6,21): error TS2307: Cannot find module 'bullmq' or its corresponding type declarations.
server/jobs/vectorize-worker.ts(29,31): error TS2552: Cannot find name 'projects'. Did you mean 'project'?
server/jobs/vectorize-worker.ts(47,31): error TS2552: Cannot find name 'projects'. Did you mean 'project'?
server/payment-service.ts(87,63): error TS2345: Argument of type '{ description: string; out_trade_no: string; amount: { total: number; currency: string; }; }' is not assignable to parameter of type 'Inative'.
  Property 'notify_url' is missing in type '{ description: string; out_trade_no: string; amount: { total: number; currency: string; }; }' but required in type 'Inative'.
server/payment-service.ts(95,27): error TS2339: Property 'code_url' does not exist on type 'Output'.
server/project-management-service.ts(302,52): error TS2345: Argument of type '{ title: string; genre: string; style?: string | null | undefined; status?: string | undefined; description?: string | null | undefined; userId?: string | null | undefined; targetWordCount?: number | ... 1 more ... | undefined; currentWordCount?: number | ... 1 more ... | undefined; }' is not assignable to parameter of type '{ title: string; genre: string; style?: string | null | undefined; status?: string | undefined; description?: string | null | undefined; userId?: string | null | undefined; targetWordCount?: number | ... 1 more ... | undefined; currentWordCount?: number | ... 1 more ... | undefined; } & { ...; }'.
  Type '{ title: string; genre: string; style?: string | null | undefined; status?: string | undefined; description?: string | null | undefined; userId?: string | null | undefined; targetWordCount?: number | ... 1 more ... | undefined; currentWordCount?: number | ... 1 more ... | undefined; }' is not assignable to type '{ userId: string; }'.
    Types of property 'userId' are incompatible.
      Type 'string | null | undefined' is not assignable to type 'string'.
        Type 'undefined' is not assignable to type 'string'.
server/scene-draft-service-optimized.ts(461,30): error TS2663: Cannot find name 'promptTemplateService'. Did you mean the instance member 'this.promptTemplateService'?
server/scene-draft-service-optimized.ts(466,37): error TS2663: Cannot find name 'promptTemplateService'. Did you mean the instance member 'this.promptTemplateService'?
server/summary-chain-service.ts(35,45): error TS2554: Expected 2-3 arguments, but got 1.
server/summary-chain-service.ts(202,45): error TS2554: Expected 2-3 arguments, but got 1.
server/summary-chain-service.ts(252,45): error TS2554: Expected 2-3 arguments, but got 1.
server/world-setting-selection-service.ts(62,76): error TS2345: Argument of type 'string | undefined' is not assignable to parameter of type 'string'.
  Type 'undefined' is not assignable to type 'string'.
server/world-setting-selection-service.ts(71,84): error TS2345: Argument of type 'string | undefined' is not assignable to parameter of type 'string'.
  Type 'undefined' is not assignable to type 'string'.
